C:\Users\Lenovo>Time
当前时间: 21:45:02.55
输入新时间: Date
系统无法接受输入的时间。
输入新时间:

C:\Users\Lenovo>systeminfo

主机名:           LAPTOP-88RU3NBA
OS 名称:          Microsoft Windows 10 家庭中文版
OS 版本:          10.0.19044 暂缺 Build 19044
OS 制造商:        Microsoft Corporation
OS 配置:          独立工作站
OS 构建类型:      Multiprocessor Free
注册的所有人:     Lenovo
注册的组织:       暂缺
产品 ID:          00342-35540-53203-AAOEM
初始安装日期:     2021/4/26, 23:50:22
系统启动时间:     2022/5/22, 18:20:10
系统制造商:       LENOVO
系统型号:         81Q2
系统类型:         x64-based PC
处理器:           安装了 1 个处理器。
                  [01]: Intel64 Family 6 Model 142 Stepping 12 GenuineIntel ~1803 Mhz
BIOS 版本:        LENOVO CKCN11WW(V1.01), 2019/7/19
Windows 目录:     C:\WINDOWS
系统目录:         C:\WINDOWS\system32
启动设备:         \Device\HarddiskVolume1
系统区域设置:     zh-cn;中文(中国)
输入法区域设置:   zh-cn;中文(中国)
时区:             (UTC+08:00) 北京，重庆，香港特别行政区，乌鲁木齐
物理内存总量:     12,087 MB
可用的物理内存:   6,579 MB
虚拟内存: 最大值: 12,855 MB
虚拟内存: 可用:   5,114 MB
虚拟内存: 使用中: 7,741 MB
页面文件位置:     C:\pagefile.sys
域:               WORKGROUP
登录服务器:       \\LAPTOP-88RU3NBA
修补程序:         安装了 12 个修补程序。
                  [01]: KB5013624
                  [02]: KB4562830
                  [03]: KB4577586
                  [04]: KB4580325
                  [05]: KB5003791
                  [06]: KB5013942
                  [07]: KB5006753
                  [08]: KB5007273
                  [09]: KB5011352
                  [10]: KB5011651
                  [11]: KB5014032
                  [12]: KB5005699
网卡:             安装了 7 个 NIC。
                  [01]: SVN Adapter V1.0
                      连接名:      以太网 2
                      启用 DHCP:   否
                      IP 地址
                        [01]: 172.168.2.68
                        [02]: fe80::b97f:950e:b968:3bc6
                  [02]: Intel(R) Wireless-AC 9560 160MHz
                      连接名:      WLAN
                      启用 DHCP:   是
                      DHCP 服务器: 10.208.64.1
                      IP 地址
                        [01]: 10.208.123.238
                        [02]: fe80::a0af:84cc:4671:302f
                  [03]: VMware Virtual Ethernet Adapter for VMnet1
                      连接名:      VMware Network Adapter VMnet1
                      启用 DHCP:   是
                      DHCP 服务器: 192.168.179.254
                      IP 地址
                        [01]: 192.168.179.1
                        [02]: fe80::c900:cd73:d8d4:f9ed
                  [04]: VMware Virtual Ethernet Adapter for VMnet8
                      连接名:      VMware Network Adapter VMnet8
                      启用 DHCP:   是
                      DHCP 服务器: 192.168.44.254
                      IP 地址
                        [01]: 192.168.44.1
                        [02]: fe80::7d72:e36b:20e4:69fd
                  [05]: Bluetooth Device (Personal Area Network)
                      连接名:      蓝牙网络连接
                      状态:        媒体连接已中断
                  [06]: VirtualBox Host-Only Ethernet Adapter
                      连接名:      以太网 3
                      启用 DHCP:   否
                      IP 地址
                        [01]: 192.168.56.1
                        [02]: fe80::8ca7:d1a1:322f:8215
                  [07]: Sangfor SSL VPN CS Support System VNIC
                      连接名:      以太网 4
                      状态:        媒体连接已中断
Hyper-V 要求:     虚拟机监视器模式扩展: 是
                  固件中已启用虚拟化: 是
                  二级地址转换: 是
                  数据执行保护可用: 是

C:\Users\Lenovo>ipconfig /all

Windows IP 配置

   主机名  . . . . . . . . . . . . . : LAPTOP-88RU3NBA
   主 DNS 后缀 . . . . . . . . . . . :
   节点类型  . . . . . . . . . . . . : 混合
   IP 路由已启用 . . . . . . . . . . : 否
   WINS 代理已启用 . . . . . . . . . : 否

以太网适配器 以太网 2:

   连接特定的 DNS 后缀 . . . . . . . :
   描述. . . . . . . . . . . . . . . : SVN Adapter V1.0
   物理地址. . . . . . . . . . . . . : 00-FF-24-CD-5E-F9
   DHCP 已启用 . . . . . . . . . . . : 否
   自动配置已启用. . . . . . . . . . : 是
   本地链接 IPv6 地址. . . . . . . . : fe80::b97f:950e:b968:3bc6%7(首选)
   IPv4 地址 . . . . . . . . . . . . : 172.168.2.68(首选)
   子网掩码  . . . . . . . . . . . . : 255.255.255.0
   默认网关. . . . . . . . . . . . . :
   DHCPv6 IAID . . . . . . . . . . . : 822148900
   DHCPv6 客户端 DUID  . . . . . . . : 00-01-00-01-28-18-99-07-0C-DD-24-02-F1-FC
   DNS 服务器  . . . . . . . . . . . : fec0:0:0:ffff::1%1
                                       fec0:0:0:ffff::2%1
                                       fec0:0:0:ffff::3%1
   TCPIP 上的 NetBIOS  . . . . . . . : 已启用

以太网适配器 以太网 3:

   连接特定的 DNS 后缀 . . . . . . . :
   描述. . . . . . . . . . . . . . . : VirtualBox Host-Only Ethernet Adapter
   物理地址. . . . . . . . . . . . . : 0A-00-27-00-00-0D
   DHCP 已启用 . . . . . . . . . . . : 否
   自动配置已启用. . . . . . . . . . : 是
   本地链接 IPv6 地址. . . . . . . . : fe80::8ca7:d1a1:322f:8215%13(首选)
   IPv4 地址 . . . . . . . . . . . . : 192.168.56.1(首选)
   子网掩码  . . . . . . . . . . . . : 255.255.255.0
   默认网关. . . . . . . . . . . . . :
   DHCPv6 IAID . . . . . . . . . . . : 403308583
   DHCPv6 客户端 DUID  . . . . . . . : 00-01-00-01-28-18-99-07-0C-DD-24-02-F1-FC
   DNS 服务器  . . . . . . . . . . . : fec0:0:0:ffff::1%1
                                       fec0:0:0:ffff::2%1
                                       fec0:0:0:ffff::3%1
   TCPIP 上的 NetBIOS  . . . . . . . : 已启用

以太网适配器 以太网 4:

   媒体状态  . . . . . . . . . . . . : 媒体已断开连接
   连接特定的 DNS 后缀 . . . . . . . :
   描述. . . . . . . . . . . . . . . : Sangfor SSL VPN CS Support System VNIC
   物理地址. . . . . . . . . . . . . : 00-FF-90-90-9D-42
   DHCP 已启用 . . . . . . . . . . . : 否
   自动配置已启用. . . . . . . . . . : 是

无线局域网适配器 本地连接* 1:

   媒体状态  . . . . . . . . . . . . : 媒体已断开连接
   连接特定的 DNS 后缀 . . . . . . . :
   描述. . . . . . . . . . . . . . . : Microsoft Wi-Fi Direct Virtual Adapter
   物理地址. . . . . . . . . . . . . : 0C-DD-24-02-F1-FD
   DHCP 已启用 . . . . . . . . . . . : 是
   自动配置已启用. . . . . . . . . . : 是

无线局域网适配器 本地连接* 2:

   媒体状态  . . . . . . . . . . . . : 媒体已断开连接
   连接特定的 DNS 后缀 . . . . . . . :
   描述. . . . . . . . . . . . . . . : Microsoft Wi-Fi Direct Virtual Adapter #2
   物理地址. . . . . . . . . . . . . : 0E-DD-24-02-F1-FC
   DHCP 已启用 . . . . . . . . . . . : 是
   自动配置已启用. . . . . . . . . . : 是

以太网适配器 VMware Network Adapter VMnet1:

   连接特定的 DNS 后缀 . . . . . . . :
   描述. . . . . . . . . . . . . . . : VMware Virtual Ethernet Adapter for VMnet1
   物理地址. . . . . . . . . . . . . : 00-50-56-C0-00-01
   DHCP 已启用 . . . . . . . . . . . : 是
   自动配置已启用. . . . . . . . . . : 是
   本地链接 IPv6 地址. . . . . . . . : fe80::c900:cd73:d8d4:f9ed%5(首选)
   IPv4 地址 . . . . . . . . . . . . : 192.168.179.1(首选)
   子网掩码  . . . . . . . . . . . . : 255.255.255.0
   获得租约的时间  . . . . . . . . . : 2022年5月22日 18:20:23
   租约过期的时间  . . . . . . . . . : 2022年5月22日 22:05:20
   默认网关. . . . . . . . . . . . . :
   DHCP 服务器 . . . . . . . . . . . : 192.168.179.254
   DHCPv6 IAID . . . . . . . . . . . : 788549718
   DHCPv6 客户端 DUID  . . . . . . . : 00-01-00-01-28-18-99-07-0C-DD-24-02-F1-FC
   DNS 服务器  . . . . . . . . . . . : fec0:0:0:ffff::1%1
                                       fec0:0:0:ffff::2%1
                                       fec0:0:0:ffff::3%1
   TCPIP 上的 NetBIOS  . . . . . . . : 已启用

以太网适配器 VMware Network Adapter VMnet8:

   连接特定的 DNS 后缀 . . . . . . . :
   描述. . . . . . . . . . . . . . . : VMware Virtual Ethernet Adapter for VMnet8
   物理地址. . . . . . . . . . . . . : 00-50-56-C0-00-08
   DHCP 已启用 . . . . . . . . . . . : 是
   自动配置已启用. . . . . . . . . . : 是
   本地链接 IPv6 地址. . . . . . . . : fe80::7d72:e36b:20e4:69fd%9(首选)
   IPv4 地址 . . . . . . . . . . . . : 192.168.44.1(首选)
   子网掩码  . . . . . . . . . . . . : 255.255.255.0
   获得租约的时间  . . . . . . . . . : 2022年5月22日 18:20:23
   租约过期的时间  . . . . . . . . . : 2022年5月22日 22:05:20
   默认网关. . . . . . . . . . . . . :
   DHCP 服务器 . . . . . . . . . . . : 192.168.44.254
   DHCPv6 IAID . . . . . . . . . . . : 805326934
   DHCPv6 客户端 DUID  . . . . . . . : 00-01-00-01-28-18-99-07-0C-DD-24-02-F1-FC
   DNS 服务器  . . . . . . . . . . . : fec0:0:0:ffff::1%1
                                       fec0:0:0:ffff::2%1
                                       fec0:0:0:ffff::3%1
   主 WINS 服务器  . . . . . . . . . : 192.168.44.2
   TCPIP 上的 NetBIOS  . . . . . . . : 已启用

无线局域网适配器 WLAN:

   连接特定的 DNS 后缀 . . . . . . . :
   描述. . . . . . . . . . . . . . . : Intel(R) Wireless-AC 9560 160MHz
   物理地址. . . . . . . . . . . . . : 0C-DD-24-02-F1-FC
   DHCP 已启用 . . . . . . . . . . . : 是
   自动配置已启用. . . . . . . . . . : 是
   本地链接 IPv6 地址. . . . . . . . : fe80::a0af:84cc:4671:302f%23(首选)
   IPv4 地址 . . . . . . . . . . . . : 10.208.123.238(首选)
   子网掩码  . . . . . . . . . . . . : 255.255.192.0
   获得租约的时间  . . . . . . . . . : 2022年5月22日 18:20:22
   租约过期的时间  . . . . . . . . . : 2022年5月23日 3:34:44
   默认网关. . . . . . . . . . . . . : 10.208.64.1
   DHCP 服务器 . . . . . . . . . . . : 10.208.64.1
   DHCPv6 IAID . . . . . . . . . . . : 168615204
   DHCPv6 客户端 DUID  . . . . . . . : 00-01-00-01-28-18-99-07-0C-DD-24-02-F1-FC
   DNS 服务器  . . . . . . . . . . . : 10.80.128.28
                                       10.81.254.4
   TCPIP 上的 NetBIOS  . . . . . . . : 已启用

以太网适配器 蓝牙网络连接:

   媒体状态  . . . . . . . . . . . . : 媒体已断开连接
   连接特定的 DNS 后缀 . . . . . . . :
   描述. . . . . . . . . . . . . . . : Bluetooth Device (Personal Area Network)
   物理地址. . . . . . . . . . . . . : 0C-DD-24-02-F2-00
   DHCP 已启用 . . . . . . . . . . . : 是
   自动配置已启用. . . . . . . . . . : 是

C:\Users\Lenovo>route print
===========================================================================
接口列表
  7...00 ff 24 cd 5e f9 ......SVN Adapter V1.0
 13...0a 00 27 00 00 0d ......VirtualBox Host-Only Ethernet Adapter
 14...00 ff 90 90 9d 42 ......Sangfor SSL VPN CS Support System VNIC
 10...0c dd 24 02 f1 fd ......Microsoft Wi-Fi Direct Virtual Adapter
 20...0e dd 24 02 f1 fc ......Microsoft Wi-Fi Direct Virtual Adapter #2
  5...00 50 56 c0 00 01 ......VMware Virtual Ethernet Adapter for VMnet1
  9...00 50 56 c0 00 08 ......VMware Virtual Ethernet Adapter for VMnet8
 23...0c dd 24 02 f1 fc ......Intel(R) Wireless-AC 9560 160MHz
 11...0c dd 24 02 f2 00 ......Bluetooth Device (Personal Area Network)
  1...........................Software Loopback Interface 1
===========================================================================

IPv4 路由表
===========================================================================
活动路由:
网络目标        网络掩码          网关       接口   跃点数
          0.0.0.0          0.0.0.0      10.208.64.1   10.208.123.238     35
         10.0.0.0        255.0.0.0            在链路上      172.168.2.68      1
      10.208.64.0    255.255.192.0            在链路上    10.208.123.238    291
      10.208.64.0    255.255.192.0            在链路上      172.168.2.68     20
   10.208.123.238  255.255.255.255            在链路上    10.208.123.238    291
   10.208.123.238  255.255.255.255            在链路上      172.168.2.68     20
   10.208.127.255  255.255.255.255            在链路上    10.208.123.238    291
   10.208.127.255  255.255.255.255            在链路上      172.168.2.68    257
   10.255.255.255  255.255.255.255            在链路上      172.168.2.68    257
        127.0.0.0        255.0.0.0            在链路上         127.0.0.1    331
        127.0.0.1  255.255.255.255            在链路上         127.0.0.1    331
  127.255.255.255  255.255.255.255            在链路上         127.0.0.1    331
       172.16.0.0      255.255.0.0            在链路上      172.168.2.68      1
   172.16.255.255  255.255.255.255            在链路上      172.168.2.68    257
      172.168.2.0    255.255.255.0            在链路上      172.168.2.68      1
     172.168.2.68  255.255.255.255            在链路上      172.168.2.68    257
    172.168.2.255  255.255.255.255            在链路上      172.168.2.68    257
      192.168.0.0      255.255.0.0            在链路上      172.168.2.68      1
     192.168.44.0    255.255.255.0            在链路上      192.168.44.1    291
     192.168.44.0    255.255.255.0            在链路上      172.168.2.68     20
     192.168.44.1  255.255.255.255            在链路上      192.168.44.1    291
     192.168.44.1  255.255.255.255            在链路上      172.168.2.68     20
   192.168.44.255  255.255.255.255            在链路上      192.168.44.1    291
   192.168.44.255  255.255.255.255            在链路上      172.168.2.68    257
     192.168.56.0    255.255.255.0            在链路上      192.168.56.1    281
     192.168.56.0    255.255.255.0            在链路上      172.168.2.68     20
     192.168.56.1  255.255.255.255            在链路上      192.168.56.1    281
     192.168.56.1  255.255.255.255            在链路上      172.168.2.68     20
   192.168.56.255  255.255.255.255            在链路上      192.168.56.1    281
   192.168.56.255  255.255.255.255            在链路上      172.168.2.68    257
    192.168.179.0    255.255.255.0            在链路上     192.168.179.1    291
    192.168.179.0    255.255.255.0            在链路上      172.168.2.68     20
    192.168.179.1  255.255.255.255            在链路上     192.168.179.1    291
    192.168.179.1  255.255.255.255            在链路上      172.168.2.68     20
  192.168.179.255  255.255.255.255            在链路上     192.168.179.1    291
  192.168.179.255  255.255.255.255            在链路上      172.168.2.68    257
  192.168.255.255  255.255.255.255            在链路上      172.168.2.68    257
   202.119.23.198  255.255.255.255      10.208.64.1   10.208.123.238    257
        224.0.0.0        240.0.0.0            在链路上         127.0.0.1    331
        224.0.0.0        240.0.0.0            在链路上     192.168.179.1    291
        224.0.0.0        240.0.0.0            在链路上      192.168.44.1    291
        224.0.0.0        240.0.0.0            在链路上      192.168.56.1    281
        224.0.0.0        240.0.0.0            在链路上    10.208.123.238    291
        224.0.0.0        240.0.0.0            在链路上      172.168.2.68    257
  255.255.255.255  255.255.255.255            在链路上         127.0.0.1    331
  255.255.255.255  255.255.255.255            在链路上     192.168.179.1    291
  255.255.255.255  255.255.255.255            在链路上      192.168.44.1    291
  255.255.255.255  255.255.255.255            在链路上      192.168.56.1    281
  255.255.255.255  255.255.255.255            在链路上    10.208.123.238    291
  255.255.255.255  255.255.255.255            在链路上      172.168.2.68    257
===========================================================================
永久路由:
  无

IPv6 路由表
===========================================================================
活动路由:
 接口跃点数网络目标                网关
  1    331 ::1/128                  在链路上
  5    291 fe80::/64                在链路上
  9    291 fe80::/64                在链路上
 13    281 fe80::/64                在链路上
 23    291 fe80::/64                在链路上
  7    311 fe80::/64                在链路上
  9    291 fe80::7d72:e36b:20e4:69fd/128
                                    在链路上
 13    281 fe80::8ca7:d1a1:322f:8215/128
                                    在链路上
 23    291 fe80::a0af:84cc:4671:302f/128
                                    在链路上
  7    311 fe80::b97f:950e:b968:3bc6/128
                                    在链路上
  5    291 fe80::c900:cd73:d8d4:f9ed/128
                                    在链路上
  1    331 ff00::/8                 在链路上
  5    291 ff00::/8                 在链路上
  9    291 ff00::/8                 在链路上
 13    281 ff00::/8                 在链路上
 23    291 ff00::/8                 在链路上
  7    311 ff00::/8                 在链路上
===========================================================================
永久路由:
  无

C:\Users\Lenovo>arp -a

接口: 192.168.179.1 --- 0x5
  Internet 地址         物理地址              类型
  192.168.179.254       00-50-56-ec-d9-a1     动态
  192.168.179.255       ff-ff-ff-ff-ff-ff     静态
  224.0.0.2             01-00-5e-00-00-02     静态
  224.0.0.22            01-00-5e-00-00-16     静态
  224.0.0.251           01-00-5e-00-00-fb     静态
  224.0.0.252           01-00-5e-00-00-fc     静态
  239.11.20.1           01-00-5e-0b-14-01     静态
  239.192.152.143       01-00-5e-40-98-8f     静态
  239.255.255.250       01-00-5e-7f-ff-fa     静态
  255.255.255.255       ff-ff-ff-ff-ff-ff     静态

接口: 172.168.2.68 --- 0x7
  Internet 地址         物理地址              类型
  10.13.231.143         00-ff-ec-6d-71-c5     动态
  10.208.64.1           00-ff-ec-6d-71-c5     动态
  172.16.22.214         00-ff-ec-6d-71-c5     动态
  172.168.2.255         ff-ff-ff-ff-ff-ff     静态
  192.168.230.1         00-ff-ec-6d-71-c5     动态
  224.0.0.22            01-00-5e-00-00-16     静态
  224.0.0.251           01-00-5e-00-00-fb     静态
  224.0.0.252           01-00-5e-00-00-fc     静态
  239.11.20.1           01-00-5e-0b-14-01     静态
  239.192.152.143       01-00-5e-40-98-8f     静态
  239.255.255.250       01-00-5e-7f-ff-fa     静态
  255.255.255.255       ff-ff-ff-ff-ff-ff     静态

接口: 192.168.44.1 --- 0x9
  Internet 地址         物理地址              类型
  192.168.44.254        00-50-56-e8-b1-19     动态
  192.168.44.255        ff-ff-ff-ff-ff-ff     静态
  224.0.0.2             01-00-5e-00-00-02     静态
  224.0.0.22            01-00-5e-00-00-16     静态
  224.0.0.251           01-00-5e-00-00-fb     静态
  224.0.0.252           01-00-5e-00-00-fc     静态
  239.11.20.1           01-00-5e-0b-14-01     静态
  239.192.152.143       01-00-5e-40-98-8f     静态
  239.255.255.250       01-00-5e-7f-ff-fa     静态
  255.255.255.255       ff-ff-ff-ff-ff-ff     静态

接口: 192.168.56.1 --- 0xd
  Internet 地址         物理地址              类型
  192.168.56.255        ff-ff-ff-ff-ff-ff     静态
  224.0.0.2             01-00-5e-00-00-02     静态
  224.0.0.22            01-00-5e-00-00-16     静态
  224.0.0.251           01-00-5e-00-00-fb     静态
  224.0.0.252           01-00-5e-00-00-fc     静态
  239.11.20.1           01-00-5e-0b-14-01     静态
  239.192.152.143       01-00-5e-40-98-8f     静态
  239.255.255.250       01-00-5e-7f-ff-fa     静态

接口: 10.208.123.238 --- 0x17
  Internet 地址         物理地址              类型
  10.208.64.1           00-00-5e-00-01-01     动态
  10.208.92.131         00-00-5e-00-01-01     动态
  10.208.127.255        ff-ff-ff-ff-ff-ff     静态
  224.0.0.2             01-00-5e-00-00-02     静态
  224.0.0.22            01-00-5e-00-00-16     静态
  224.0.0.251           01-00-5e-00-00-fb     静态
  224.0.0.252           01-00-5e-00-00-fc     静态
  239.11.20.1           01-00-5e-0b-14-01     静态
  239.192.152.143       01-00-5e-40-98-8f     静态
  239.255.255.250       01-00-5e-7f-ff-fa     静态
  255.255.255.255       ff-ff-ff-ff-ff-ff     静态
